Microchip MPLAB XC8 Compiler V2.05 ()

Linker command line:

-W-3 --edf=D:\Programas_varios\Microchip\xc8\v2.05\pic\dat\en_msgs.txt -cs \
  -h+dist/default/production\Conversor_AD_18.X.production.sym \
  --cmf=dist/default/production\Conversor_AD_18.X.production.cmf -z \
  -Q18F25K20 -oC:\Users\rommel\AppData\Local\Temp\s39g.2 \
  --defsym=__MPLAB_BUILD=1 \
  -Mdist/default/production/Conversor_AD_18.X.production.map -E1 -ver=XC8 \
  --acfsm=1493 -ASTACK=0CAh-05FFh -pstack=STACK -ACODE=00h-07FFFh \
  -ACONST=00h-07FFFh -ASMALLCONST=0600h-06FFhx122 \
  -AMEDIUMCONST=0600h-07FFFh -ACOMRAM=01h-05Fh -AABS1=00h-05FFh \
  -ABIGRAM=01h-05FFh -ARAM=060h-0FFh,0100h-01FFhx5 -ABANK0=060h-0FFh \
  -ABANK1=0100h-01FFh -ABANK2=0200h-02FFh -ABANK3=0300h-03FFh \
  -ABANK4=0400h-04FFh -ABANK5=0500h-05FFh -ASFR=0F60h-0FFFh \
  -preset_vec=00h,intcode=08h,intcodelo,powerup,init -pramtop=0600h \
  -psmallconst=SMALLCONST -pmediumconst=MEDIUMCONST -pconst=CONST \
  -AFARRAM=00h-00h -ACONFIG=0300000h-030000Dh -pconfig=CONFIG \
  -AIDLOC=0200000h-0200007h -pidloc=IDLOC -AEEDATA=0F00000h-0F000FFh \
  -peeprom_data=EEDATA \
  -prdata=COMRAM,nvrram=COMRAM,nvbit=COMRAM,rbss=COMRAM,rbit=COMRAM \
  -pfarbss=FARRAM,fardata=FARRAM,nvFARRAM=FARRAM \
  -pintsave_regs=BIGRAM,bigbss=BIGRAM,bigdata=BIGRAM -pbss=RAM \
  -pidata=CODE,irdata=CODE,ibigdata=CODE,ifardata=CODE -pparam0=BANK0 \
  C:\Users\rommel\AppData\Local\Temp\s39g.o \
  dist/default/production\Conversor_AD_18.X.production.o 

Object code version is 3.11

Machine type is 18F25K20

Call graph: (short form)




                Name                               Link     Load   Length Selector   Space Scale
C:\Users\rommel\AppData\Local\Temp\s39g.o
                init                                 36       36        4        4       0
                reset_vec                             0        0        4        0       0
                idloc                            200000   200000        8   200000       0
                config                           300000   300000        E   300000       0
dist/default/production\Conversor_AD_18.X.production.o
                intcode                               8        8       2E        4       0
                temp                                  1        1        1        1       1
                smallconst                          600      600       88      300       0
                text32                             126A     126A       32      344       0
                text31                             1234     1234       36      344       0
                text29                             11BE     11BE       3C      344       0
                text28                             10FC     10FC       42      344       0
                text27                             139A     139A       12      344       0
                text26                             13BA     13BA        C      344       0
                text25                             11FA     11FA       3A      344       0
                text24                              F6A      F6A       60      344       0
                text23                             1384     1384       16      344       0
                text22                             1024     1024       50      344       0
                text21                              C96      C96       E0      344       0
                text20                             1340     1340       18      344       0
                text19                             136E     136E       16      344       0
                text18                             117E     117E       40      344       0
                text17                             13D4     13D4        4      344       0
                text16                             13C6     13C6        A      344       0
                text15                             12C4     12C4       26      344       0
                text14                             13D0     13D0        4      344       0
                text13                             1326     1326       1A      344       0
                text12                             130C     130C       1A      344       0
                text11                              E18      E18       84      344       0
                text10                              E9C      E9C       68      344       0
                text9                              129C     129C       28      344       0
                text8                              12EA     12EA       22      344       0
                text7                              10B8     10B8       44      344       0
                text6                              13AC     13AC        E      344       0
                text5                               688      688      60E      344       0
                text4                              113E     113E       40      344       0
                text3                              1074     1074       44      344       0
                text2                               F04      F04       66      344       0
                text1                               D76      D76       A2      344       0
                text0                               FCA      FCA       5A      344       0
                cstackBANK0                          60       60       3A       60       1
                bssBANK0                             9A       9A       2E       60       1
                cinit                              1358     1358       16      344       0
                nvBANK0                              C8       C8        2       60       1

TOTAL           Name                               Link     Load   Length     Space
        CLASS   STACK          

        CLASS   CODE           
                intcode                               8        8       2E         0
                init                                 36       36        4         0
                reset_vec                             0        0        4         0
                text32                             126A     126A       32         0
                text31                             1234     1234       36         0
                text29                             11BE     11BE       3C         0
                text28                             10FC     10FC       42         0
                text27                             139A     139A       12         0
                text26                             13BA     13BA        C         0
                text25                             11FA     11FA       3A         0
                text24                              F6A      F6A       60         0
                text23                             1384     1384       16         0
                text22                             1024     1024       50         0
                text21                              C96      C96       E0         0
                text20                             1340     1340       18         0
                text19                             136E     136E       16         0
                text18                             117E     117E       40         0
                text17                             13D4     13D4        4         0
                text16                             13C6     13C6        A         0
                text15                             12C4     12C4       26         0
                text14                             13D0     13D0        4         0
                text13                             1326     1326       1A         0
                text12                             130C     130C       1A         0
                text11                              E18      E18       84         0
                text10                              E9C      E9C       68         0
                text9                              129C     129C       28         0
                text8                              12EA     12EA       22         0
                text7                              10B8     10B8       44         0
                text6                              13AC     13AC        E         0
                text5                               688      688      60E         0
                text4                              113E     113E       40         0
                text3                              1074     1074       44         0
                text2                               F04      F04       66         0
                text1                               D76      D76       A2         0
                text0                               FCA      FCA       5A         0
                cinit                              1358     1358       16         0

        CLASS   CONST          

        CLASS   SMALLCONST     
                smallconst                          600      600       88         0

        CLASS   MEDIUMCONST    

        CLASS   COMRAM         
                temp                                  1        1        1         1

        CLASS   ABS1           

        CLASS   BIGRAM         

        CLASS   RAM            

        CLASS   BANK0          
                cstackBANK0                          60       60       3A         1
                bssBANK0                             9A       9A       2E         1
                nvBANK0                              C8       C8        2         1

        CLASS   BANK1          

        CLASS   BANK2          

        CLASS   BANK3          

        CLASS   BANK4          

        CLASS   BANK5          

        CLASS   SFR            

        CLASS   FARRAM         

        CLASS   CONFIG         
                config                           300000   300000        E         0

        CLASS   IDLOC          
                idloc                            200000   200000        8         0

        CLASS   EEDATA         



SEGMENTS        Name                           Load    Length   Top    Selector   Space  Class

                reset_vec                      000000  000004  000004         0       0  CODE    
                temp                           000001  000001  000002         1       1  COMRAM  
                intcode                        000008  000032  00003A         4       0  CODE    
                cstackBANK0                    000060  00006A  0000CA        60       1  BANK0   
                smallconst                     000600  000088  000688       300       0  SMALLCON
                text5                          000688  000D50  0013D8       344       0  CODE    
                idloc                          200000  000008  200008    200000       0  IDLOC   
                config                         300000  00000E  30000E    300000       0  CONFIG  


UNUSED ADDRESS RANGES

        Name                Unused          Largest block    Delta
        BANK0            0000CA-0000FF               36
        BANK1            000100-0001FF              100
        BANK2            000200-0002FF              100
        BANK3            000300-0003FF              100
        BANK4            000400-0004FF              100
        BANK5            000500-0005FF              100
        BIGRAM           000002-00005F               5E
                         0000CA-0005FF              536
        CODE             000004-000007                4
                         00003A-0005FF              5C6
                         0013D8-007FFF             6C28
        COMRAM           000002-00005F               5E
        CONST            000004-000007                4
                         00003A-0005FF              5C6
                         0013D8-007FFF             6C28
        EEDATA           F00000-F000FF              100
        MEDIUMCONST      0013D8-007FFF             6C28
        RAM              0000CA-0005FF              100
        SFR              000F60-000FFF               A0
        SMALLCONST       0013D8-007FFF              100
        STACK            0000CA-0005FF              536

                                  Symbol Table

?_ADC_GetConversion                  cstackBANK0  000062
?___lldiv                            cstackBANK0  000062
?___llmod                            cstackBANK0  00006F
?___wmul                             cstackBANK0  000062
?__doprnt                            cstackBANK0  000078
?_printf                             cstackBANK0  00008D
ADC_GetConversion@channel            cstackBANK0  000066
EUSART_Read@readValue                cstackBANK0  000062
EUSART_Write@txData                  cstackBANK0  000062
OpenXLCD@lcdtype                     cstackBANK0  000067
SetDDRamAddr@DDaddr                  cstackBANK0  000065
WriteCmdXLCD@cmd                     cstackBANK0  000063
WriteDataXLCD@data                   cstackBANK0  000062
_ADCON0                              (abs)        000FC2
_ADCON0bits                          (abs)        000FC2
_ADCON1                              (abs)        000FC1
_ADCON2                              (abs)        000FC0
_ADC_GetConversion                   text29       0011BE
_ADC_Initialize                      text19       00136E
_ADRESH                              (abs)        000FC4
_ADRESL                              (abs)        000FC3
_ANSEL                               (abs)        000F7E
_ANSELH                              (abs)        000F7F
_BAUDCON                             (abs)        000FB8
_BusyXLCD                            text25       0011FA
_DelayFor18TCY                       text26       0013BA
_DelayPORXLCD                        text23       001384
_DelayXLCD                           text27       00139A
_EUSART_Initialize                   text18       00117E
_EUSART_Read                         text28       0010FC
_EUSART_Receive_ISR                  text32       00126A
_EUSART_Transmit_ISR                 text31       001234
_EUSART_Write                        text7        0010B8
_INTCON2bits                         (abs)        000FF1
_INTCONbits                          (abs)        000FF2
_INTERRUPT_Initialize                text17       0013D4
_INTERRUPT_InterruptManager          intcode      000008
_LATA                                (abs)        000F89
_LATAbits                            (abs)        000F89
_LATB                                (abs)        000F8A
_LATBbits                            (abs)        000F8A
_LATC                                (abs)        000F8B
_LATCbits                            (abs)        000F8B
_LCD_inicio                          text20       001340
_OSCCON                              (abs)        000FD3
_OSCILLATOR_Initialize               text16       0013C6
_OSCTUNE                             (abs)        000F9B
_OpenXLCD                            text21       000C96
_PIE1bits                            (abs)        000F9D
_PIN_MANAGER_Initialize              text15       0012C4
_PIR1bits                            (abs)        000F9E
_PORTB                               (abs)        000F81
_RCONbits                            (abs)        000FD0
_RCREG                               (abs)        000FAE
_RCSTA                               (abs)        000FAB
_RCSTAbits                           (abs)        000FAB
_SPBRG                               (abs)        000FAF
_SPBRGH                              (abs)        000FB0
_SYSTEM_Initialize                   text12       00130C
_SetDDRamAddr                        text24       000F6A
_T0CON                               (abs)        000FD5
_T0CONbits                           (abs)        000FD5
_TMR0H                               (abs)        000FD7
_TMR0L                               (abs)        000FD6
_TMR0_Initialize                     text13       001326
_TMR0_StartTimer                     text14       0013D0
_TRISA                               (abs)        000F92
_TRISB                               (abs)        000F93
_TRISBbits                           (abs)        000F93
_TRISC                               (abs)        000F94
_TRISCbits                           (abs)        000F94
_TXREG                               (abs)        000FAD
_TXSTA                               (abs)        000FAC
_WPUB                                (abs)        000F7C
_WriteCmdXLCD                        text22       001024
_WriteDataXLCD                       text3        001074
__CFG_BOREN$SBORDIS                  (abs)        000000
__CFG_BORV$18                        (abs)        000000
__CFG_CCP2MX$PORTC                   (abs)        000000
__CFG_CP0$OFF                        (abs)        000000
__CFG_CP1$OFF                        (abs)        000000
__CFG_CP2$OFF                        (abs)        000000
__CFG_CP3$OFF                        (abs)        000000
__CFG_CPB$OFF                        (abs)        000000
__CFG_CPD$OFF                        (abs)        000000
__CFG_DEBUG$OFF                      (abs)        000000
__CFG_EBTR0$OFF                      (abs)        000000
__CFG_EBTR1$OFF                      (abs)        000000
__CFG_EBTR2$OFF                      (abs)        000000
__CFG_EBTR3$OFF                      (abs)        000000
__CFG_EBTRB$OFF                      (abs)        000000
__CFG_FCMEN$OFF                      (abs)        000000
__CFG_FOSC$HS                        (abs)        000000
__CFG_HFOFST$ON                      (abs)        000000
__CFG_IESO$OFF                       (abs)        000000
__CFG_LPT1OSC$OFF                    (abs)        000000
__CFG_LVP$OFF                        (abs)        000000
__CFG_MCLRE$ON                       (abs)        000000
__CFG_PBADEN$ON                      (abs)        000000
__CFG_PWRT$OFF                       (abs)        000000
__CFG_STVREN$ON                      (abs)        000000
__CFG_WDTEN$OFF                      (abs)        000000
__CFG_WDTPS$32768                    (abs)        000000
__CFG_WRT0$OFF                       (abs)        000000
__CFG_WRT1$OFF                       (abs)        000000
__CFG_WRT2$OFF                       (abs)        000000
__CFG_WRT3$OFF                       (abs)        000000
__CFG_WRTB$OFF                       (abs)        000000
__CFG_WRTC$OFF                       (abs)        000000
__CFG_WRTD$OFF                       (abs)        000000
__CFG_XINST$OFF                      (abs)        000000
__HRAM                               (abs)        000000
__Habs1                              abs1         000000
__Hbank0                             bank0        000000
__Hbank1                             bank1        000000
__Hbank2                             bank2        000000
__Hbank3                             bank3        000000
__Hbank4                             bank4        000000
__Hbank5                             bank5        000000
__Hbigbss                            bigbss       000000
__Hbigdata                           bigdata      000000
__Hbigram                            bigram       000000
__Hbss                               bss          000000
__HbssBANK0                          bssBANK0     000000
__Hcinit                             cinit        000000
__Hclrtext                           clrtext      000000
__Hcomram                            comram       000000
__Hconfig                            config       30000E
__Hconst                             const        000000
__HcstackBANK0                       cstackBANK0  000000
__Hdata                              data         000000
__Heeprom_data                       eeprom_data  000000
__Hfarbss                            farbss       000000
__Hfardata                           fardata      000000
__Hibigdata                          ibigdata     000000
__Hidata                             idata        000000
__Hidloc                             idloc        200008
__Hifardata                          ifardata     000000
__Hinit                              init         00003A
__Hintcode                           intcode      000036
__Hintcode_body                      intcode_body 000000
__Hintcodelo                         intcodelo    000036
__Hintentry                          intentry     000000
__Hintret                            intret       000000
__Hintsave_regs                      intsave_regs 000000
__Hirdata                            irdata       000000
__Hmediumconst                       mediumconst  000000
__HnvBANK0                           nvBANK0      000000
__HnvFARRAM                          nvFARRAM     000000
__Hnvbit                             nvbit        000000
__Hnvrram                            nvrram       000000
__Hparam                             param0       000000
__Hparam0                            param0       000000
__Hpowerup                           powerup      000036
__Hram                               ram          000000
__Hramtop                            ramtop       000600
__Hrbit                              rbit         000000
__Hrbss                              rbss         000000
__Hrdata                             rdata        000000
__Hreset_vec                         reset_vec    000004
__Hsfr                               sfr          000000
__Hsmallconst                        smallconst   000688
__Hspace_0                           (abs)        30000E
__Hspace_1                           (abs)        0000CA
__Hspace_2                           (abs)        000000
__Hstack                             stack        000000
__Hstruct                            struct       000000
__Htemp                              temp         000002
__Htext                              text         000000
__Htext0                             text0        000000
__Htext1                             text1        000000
__Htext10                            text10       000000
__Htext11                            text11       000000
__Htext12                            text12       000000
__Htext13                            text13       000000
__Htext14                            text14       000000
__Htext15                            text15       000000
__Htext16                            text16       000000
__Htext17                            text17       000000
__Htext18                            text18       000000
__Htext19                            text19       000000
__Htext2                             text2        000000
__Htext20                            text20       000000
__Htext21                            text21       000000
__Htext22                            text22       000000
__Htext23                            text23       000000
__Htext24                            text24       000000
__Htext25                            text25       000000
__Htext26                            text26       000000
__Htext27                            text27       000000
__Htext28                            text28       000000
__Htext29                            text29       000000
__Htext3                             text3        000000
__Htext31                            text31       000000
__Htext32                            text32       000000
__Htext33                            text33       000000
__Htext4                             text4        000000
__Htext5                             text5        000000
__Htext6                             text6        000000
__Htext7                             text7        000000
__Htext8                             text8        000000
__Htext9                             text9        000000
__LRAM                               (abs)        000001
__Labs1                              abs1         000000
__Lbank0                             bank0        000000
__Lbank1                             bank1        000000
__Lbank2                             bank2        000000
__Lbank3                             bank3        000000
__Lbank4                             bank4        000000
__Lbank5                             bank5        000000
__Lbigbss                            bigbss       000000
__Lbigdata                           bigdata      000000
__Lbigram                            bigram       000000
__Lbss                               bss          000000
__LbssBANK0                          bssBANK0     000000
__Lcinit                             cinit        000000
__Lclrtext                           clrtext      000000
__Lcomram                            comram       000000
__Lconfig                            config       300000
__Lconst                             const        000000
__LcstackBANK0                       cstackBANK0  000000
__Ldata                              data         000000
__Leeprom_data                       eeprom_data  000000
__Lfarbss                            farbss       000000
__Lfardata                           fardata      000000
__Libigdata                          ibigdata     000000
__Lidata                             idata        000000
__Lidloc                             idloc        200000
__Lifardata                          ifardata     000000
__Linit                              init         000036
__Lintcode                           intcode      000008
__Lintcode_body                      intcode_body 000000
__Lintcodelo                         intcodelo    000036
__Lintentry                          intentry     000000
__Lintret                            intret       000000
__Lintsave_regs                      intsave_regs 000000
__Lirdata                            irdata       000000
__Lmediumconst                       mediumconst  000000
__LnvBANK0                           nvBANK0      000000
__LnvFARRAM                          nvFARRAM     000000
__Lnvbit                             nvbit        000000
__Lnvrram                            nvrram       000000
__Lparam                             param0       000000
__Lparam0                            param0       000000
__Lpowerup                           powerup      000036
__Lram                               ram          000000
__Lramtop                            ramtop       000600
__Lrbit                              rbit         000000
__Lrbss                              rbss         000000
__Lrdata                             rdata        000000
__Lreset_vec                         reset_vec    000000
__Lsfr                               sfr          000000
__Lsmallconst                        smallconst   000600
__Lspace_0                           (abs)        000000
__Lspace_1                           (abs)        000000
__Lspace_2                           (abs)        000000
__Lstack                             stack        000000
__Lstruct                            struct       000000
__Ltemp                              temp         000001
__Ltext                              text         000000
__Ltext0                             text0        000000
__Ltext1                             text1        000000
__Ltext10                            text10       000000
__Ltext11                            text11       000000
__Ltext12                            text12       000000
__Ltext13                            text13       000000
__Ltext14                            text14       000000
__Ltext15                            text15       000000
__Ltext16                            text16       000000
__Ltext17                            text17       000000
__Ltext18                            text18       000000
__Ltext19                            text19       000000
__Ltext2                             text2        000000
__Ltext20                            text20       000000
__Ltext21                            text21       000000
__Ltext22                            text22       000000
__Ltext23                            text23       000000
__Ltext24                            text24       000000
__Ltext25                            text25       000000
__Ltext26                            text26       000000
__Ltext27                            text27       000000
__Ltext28                            text28       000000
__Ltext29                            text29       000000
__Ltext3                             text3        000000
__Ltext31                            text31       000000
__Ltext32                            text32       000000
__Ltext33                            text33       000000
__Ltext4                             text4        000000
__Ltext5                             text5        000000
__Ltext6                             text6        000000
__Ltext7                             text7        000000
__Ltext8                             text8        000000
__Ltext9                             text9        000000
__S0                                 (abs)        30000E
__S1                                 (abs)        0000CA
__S2                                 (abs)        000000
___inthi_sp                          stack        000000
___intlo_sp                          stack        000000
___lldiv                             text11       000E18
___lldiv@counter                     cstackBANK0  00006E
___lldiv@dividend                    cstackBANK0  000062
___lldiv@divisor                     cstackBANK0  000066
___lldiv@quotient                    cstackBANK0  00006A
___llmod                             text10       000E9C
___llmod@counter                     cstackBANK0  000077
___llmod@dividend                    cstackBANK0  00006F
___llmod@divisor                     cstackBANK0  000073
___param_bank                        (abs)        000000
___rparam_used                       (abs)        000000
___sp                                stack        000000
___wmul                              text9        00129C
___wmul@multiplicand                 cstackBANK0  000064
___wmul@multiplier                   cstackBANK0  000062
___wmul@product                      cstackBANK0  000066
__accesstop                          (abs)        000060
__activetblptr                       (abs)        000003
__doprnt                             text5        000688
__doprnt@ap                          cstackBANK0  00007C
__doprnt@c                           cstackBANK0  00008C
__doprnt@f                           cstackBANK0  00007A
__doprnt@flag                        cstackBANK0  000083
__doprnt@idx                         cstackBANK0  000082
__doprnt@pb                          cstackBANK0  000078
__doprnt@prec                        cstackBANK0  00008A
__doprnt@val                         cstackBANK0  000084
__doprnt@width                       cstackBANK0  000088
__end_of_ADC_GetConversion           text29       0011FA
__end_of_ADC_Initialize              text19       001384
__end_of_BusyXLCD                    text25       001234
__end_of_DelayFor18TCY               text26       0013C6
__end_of_DelayPORXLCD                text23       00139A
__end_of_DelayXLCD                   text27       0013AC
__end_of_EUSART_Initialize           text18       0011BE
__end_of_EUSART_Read                 text28       00113E
__end_of_EUSART_Receive_ISR          text32       00129C
__end_of_EUSART_Transmit_ISR         text31       00126A
__end_of_EUSART_Write                text7        0010FC
__end_of_INTERRUPT_Initialize        text17       0013D8
__end_of_INTERRUPT_InterruptManager  intcode      000036
__end_of_LCD_inicio                  text20       001358
__end_of_OSCILLATOR_Initialize       text16       0013D0
__end_of_OpenXLCD                    text21       000D76
__end_of_PIN_MANAGER_Initialize      text15       0012EA
__end_of_SYSTEM_Initialize           text12       001326
__end_of_SetDDRamAddr                text24       000FCA
__end_of_TMR0_Initialize             text13       001340
__end_of_TMR0_StartTimer             text14       0013D4
__end_of_WriteCmdXLCD                text22       001074
__end_of_WriteDataXLCD               text3        0010B8
__end_of___lldiv                     text11       000E9C
__end_of___llmod                     text10       000F04
__end_of___wmul                      text9        0012C4
__end_of__doprnt                     text5        000C96
__end_of__initialization             cinit        001364
__end_of_dpowers                     smallconst   000629
__end_of_hexpowers                   smallconst   000649
__end_of_isdigit                     text8        00130C
__end_of_main                        text0        001024
__end_of_printf                      text4        00117E
__end_of_putch                       text6        0013BA
__end_of_putrsXLCD                   text2        000F6A
__end_of_saludo                      text1        000E18
__initialization                     cinit        001358
__mediumconst                        mediumconst  000000
__pbssBANK0                          bssBANK0     00009A
__pcinit                             cinit        001358
__pcstackBANK0                       cstackBANK0  000060
__pintcode                           intcode      000008
__pnvBANK0                           nvBANK0      0000C8
__psmallconst                        smallconst   000600
__ptext0                             text0        000FCA
__ptext1                             text1        000D76
__ptext10                            text10       000E9C
__ptext11                            text11       000E18
__ptext12                            text12       00130C
__ptext13                            text13       001326
__ptext14                            text14       0013D0
__ptext15                            text15       0012C4
__ptext16                            text16       0013C6
__ptext17                            text17       0013D4
__ptext18                            text18       00117E
__ptext19                            text19       00136E
__ptext2                             text2        000F04
__ptext20                            text20       001340
__ptext21                            text21       000C96
__ptext22                            text22       001024
__ptext23                            text23       001384
__ptext24                            text24       000F6A
__ptext25                            text25       0011FA
__ptext26                            text26       0013BA
__ptext27                            text27       00139A
__ptext28                            text28       0010FC
__ptext29                            text29       0011BE
__ptext3                             text3        001074
__ptext31                            text31       001234
__ptext32                            text32       00126A
__ptext33                            text33       000000
__ptext4                             text4        00113E
__ptext5                             text5        000688
__ptext6                             text6        0013AC
__ptext7                             text7        0010B8
__ptext8                             text8        0012EA
__ptext9                             text9        00129C
__ramtop                             ramtop       000600
__size_of_ADC_GetConversion          (abs)        000000
__size_of_ADC_Initialize             (abs)        000000
__size_of_BusyXLCD                   (abs)        000000
__size_of_DelayFor18TCY              (abs)        000000
__size_of_DelayPORXLCD               (abs)        000000
__size_of_DelayXLCD                  (abs)        000000
__size_of_EUSART_Initialize          (abs)        000000
__size_of_EUSART_Read                (abs)        000000
__size_of_EUSART_Receive_ISR         (abs)        000000
__size_of_EUSART_Transmit_ISR        (abs)        000000
__size_of_EUSART_Write               (abs)        000000
__size_of_INTERRUPT_Initialize       (abs)        000000
__size_of_INTERRUPT_InterruptManager (abs)        000000
__size_of_LCD_inicio                 (abs)        000000
__size_of_OSCILLATOR_Initialize      (abs)        000000
__size_of_OpenXLCD                   (abs)        000000
__size_of_PIN_MANAGER_Initialize     (abs)        000000
__size_of_SYSTEM_Initialize          (abs)        000000
__size_of_SetDDRamAddr               (abs)        000000
__size_of_TMR0_Initialize            (abs)        000000
__size_of_TMR0_StartTimer            (abs)        000000
__size_of_WriteCmdXLCD               (abs)        000000
__size_of_WriteDataXLCD              (abs)        000000
__size_of___lldiv                    (abs)        000000
__size_of___llmod                    (abs)        000000
__size_of___wmul                     (abs)        000000
__size_of__doprnt                    (abs)        000000
__size_of_isdigit                    (abs)        000000
__size_of_main                       (abs)        000000
__size_of_printf                     (abs)        000000
__size_of_putch                      (abs)        000000
__size_of_putrsXLCD                  (abs)        000000
__size_of_saludo                     (abs)        000000
__smallconst                         smallconst   000600
_dpowers                             smallconst   000601
_eusartRxBuffer                      bssBANK0     0000AA
_eusartRxCount                       bssBANK0     0000B2
_eusartRxHead                        bssBANK0     0000B4
_eusartRxTail                        bssBANK0     0000B3
_eusartTxBuffer                      bssBANK0     00009A
_eusartTxBufferRemaining             nvBANK0      0000C9
_eusartTxHead                        bssBANK0     0000B6
_eusartTxTail                        bssBANK0     0000B5
_hexpowers                           smallconst   000629
_isdigit                             text8        0012EA
_isdigit$1860                        cstackBANK0  000063
_main                                text0        000FCA
_printf                              text4        00113E
_putch                               text6        0013AC
_putrsXLCD                           text2        000F04
_saludo                              text1        000D76
_timer0ReloadVal                     nvBANK0      0000C8
btemp                                temp         000001
end_of_initialization                cinit        001364
ftoat_mio@buf                        bssBANK0     0000B7
int$flags                            temp         000001
intlevel0                            text         000000
intlevel1                            text         000000
intlevel2                            text         000000
intlevel3                            text         000000
isdigit@c                            cstackBANK0  000064
main@convertedValue                  cstackBANK0  000097
main@data                            cstackBANK0  000099
printf@ap                            cstackBANK0  000091
printf@f                             cstackBANK0  00008D
printf@pb                            cstackBANK0  000093
putch@txData                         cstackBANK0  000063
putrsXLCD@buffer                     cstackBANK0  000063
stackhi                              (abs)        0005FF
stacklo                              (abs)        0000CA
start                                init         000036
start_initialization                 cinit        001358
ttemp5                               temp         000002
ttemp6                               temp         000005
ttemp7                               temp         000009
wtemp8                               temp         000002


FUNCTION INFORMATION:

 *************** function _main *****************
 Defined at:
		line 57 in file "main.c"
 Parameters:    Size  Location     Type
		None
 Auto vars:     Size  Location     Type
  voltaje         3    0        float 
  convertedVal    2   55[BANK0 ] unsigned int 
  data            1   57[BANK0 ] unsigned char 
  rxData          1    0        volatile unsigned char 
 Return value:  Size  Location     Type
                  1    wreg      void 
 Registers used:
		wreg, fsr0l, fsr0h, fsr2l, fsr2h, status,2, status,0, pclath, tosl, tblptrl, tblptrh, tblptru, prodl, prodh, cstack
 Tracked objects:
		On entry : 
		On exit  : 
		Unchanged: 
 Data sizes:     COMRAM   BANK0   BANK1   BANK2   BANK3   BANK4   BANK5
      Params:         0       0       0       0       0       0       0
      Locals:         0       3       0       0       0       0       0
      Temps:          0       0       0       0       0       0       0
      Totals:         0       3       0       0       0       0       0
Total ram usage:        3 bytes
 Hardware stack levels required when called:    6
 This function calls:
		_ADC_GetConversion
		_EUSART_Read
		_LCD_inicio
		_SYSTEM_Initialize
		_SetDDRamAddr
		_WriteDataXLCD
		_printf
		_saludo
 This function is called by:
		Startup code after reset
 This function uses a non-reentrant model


 *************** function _saludo *****************
 Defined at:
		line 12 in file "Lib_mias_all/micelaneos.c"
 Parameters:    Size  Location     Type
		None
 Auto vars:     Size  Location     Type
		None
 Return value:  Size  Location     Type
                  1    wreg      void 
 Registers used:
		wreg, fsr0l, fsr0h, status,2, status,0, tblptrl, tblptrh, tblptru, cstack
 Tracked objects:
		On entry : 
		On exit  : 
		Unchanged: 
 Data sizes:     COMRAM   BANK0   BANK1   BANK2   BANK3   BANK4   BANK5
      Params:         0       0       0       0       0       0       0
      Locals:         0       0       0       0       0       0       0
      Temps:          0       2       0       0       0       0       0
      Totals:         0       2       0       0       0       0       0
Total ram usage:        2 bytes
 Hardware stack levels used:    1
 Hardware stack levels required when called:    5
 This function calls:
		_BusyXLCD
		_SetDDRamAddr
		_WriteCmdXLCD
		_putrsXLCD
 This function is called by:
		_main
 This function uses a non-reentrant model


 *************** function _putrsXLCD *****************
 Defined at:
		line 16 in file "Lib_mias_all/Librerias_microchip/putrxlcd.c"
 Parameters:    Size  Location     Type
  buffer          3    3[BANK0 ] PTR unsigned char 
		 -> STR_5(1), ftoat_mio@buf(17), STR_3(14), STR_2(16), 
 Auto vars:     Size  Location     Type
		None
 Return value:  Size  Location     Type
                  1    wreg      void 
 Registers used:
		wreg, fsr0l, fsr0h, status,2, status,0, tblptrl, tblptrh, tblptru, cstack
 Tracked objects:
		On entry : 
		On exit  : 
		Unchanged: 
 Data sizes:     COMRAM   BANK0   BANK1   BANK2   BANK3   BANK4   BANK5
      Params:         0       3       0       0       0       0       0
      Locals:         0       0       0       0       0       0       0
      Temps:          0       0       0       0       0       0       0
      Totals:         0       3       0       0       0       0       0
Total ram usage:        3 bytes
 Hardware stack levels used:    1
 Hardware stack levels required when called:    4
 This function calls:
		_BusyXLCD
		_WriteDataXLCD
 This function is called by:
		_saludo
		_escribe_float
 This function uses a non-reentrant model


 *************** function _WriteDataXLCD *****************
 Defined at:
		line 16 in file "Lib_mias_all/Librerias_microchip/writdata.c"
 Parameters:    Size  Location     Type
  data            1    wreg     unsigned char 
 Auto vars:     Size  Location     Type
  data            1    2[BANK0 ] unsigned char 
 Return value:  Size  Location     Type
                  1    wreg      void 
 Registers used:
		wreg, status,2, status,0, cstack
 Tracked objects:
		On entry : 
		On exit  : 
		Unchanged: 
 Data sizes:     COMRAM   BANK0   BANK1   BANK2   BANK3   BANK4   BANK5
      Params:         0       0       0       0       0       0       0
      Locals:         0       1       0       0       0       0       0
      Temps:          0       0       0       0       0       0       0
      Totals:         0       1       0       0       0       0       0
Total ram usage:        1 bytes
 Hardware stack levels used:    1
 Hardware stack levels required when called:    3
 This function calls:
		_DelayFor18TCY
 This function is called by:
		_putrsXLCD
		_main
		_putsXLCD
		_eco
 This function uses a non-reentrant model


 *************** function _printf *****************
 Defined at:
		line 13 in file "D:\Programas_varios\Microchip\xc8\v2.05\pic\sources\c90\common\printf.c"
 Parameters:    Size  Location     Type
  f               2   45[BANK0 ] PTR const unsigned char 
		 -> STR_1(4), 
 Auto vars:     Size  Location     Type
  pb              4   51[BANK0 ] struct __prbuf
  ap              2   49[BANK0 ] PTR void [1]
		 -> ?_sprintf(2), ?_printf(2), 
 Return value:  Size  Location     Type
                  2   45[BANK0 ] int 
 Registers used:
		wreg, fsr2l, fsr2h, status,2, status,0, pclath, tosl, tblptrl, tblptrh, tblptru, prodl, prodh, cstack
 Tracked objects:
		On entry : 
		On exit  : 
		Unchanged: 
 Data sizes:     COMRAM   BANK0   BANK1   BANK2   BANK3   BANK4   BANK5
      Params:         0       4       0       0       0       0       0
      Locals:         0       6       0       0       0       0       0
      Temps:          0       0       0       0       0       0       0
      Totals:         0      10       0       0       0       0       0
Total ram usage:       10 bytes
 Hardware stack levels used:    1
 Hardware stack levels required when called:    5
 This function calls:
		__doprnt
 This function is called by:
		_main
 This function uses a non-reentrant model


 *************** function __doprnt *****************
 Defined at:
		line 466 in file "D:\Programas_varios\Microchip\xc8\v2.05\pic\sources\c90\common\doprnt.c"
 Parameters:    Size  Location     Type
  pb              2   24[BANK0 ] PTR struct __prbuf
		 -> sprintf@pb(4), printf@pb(4), 
  f               2   26[BANK0 ] PTR const unsigned char 
		 -> STR_4(11), STR_1(4), 
  ap              2   28[BANK0 ] PTR PTR void 
		 -> sprintf@ap(2), printf@ap(2), 
 Auto vars:     Size  Location     Type
  idx             1   34[BANK0 ] unsigned char 
  val             4   36[BANK0 ] unsigned long 
  tmpval          4    0        struct .
  cp              3    0        PTR const unsigned char 
  prec            2   42[BANK0 ] int 
  width           2   40[BANK0 ] int 
  len             2    0        unsigned int 
  c               1   44[BANK0 ] unsigned char 
  flag            1   35[BANK0 ] unsigned char 
 Return value:  Size  Location     Type
                  2   24[BANK0 ] int 
 Registers used:
		wreg, fsr2l, fsr2h, status,2, status,0, pclath, tosl, tblptrl, tblptrh, tblptru, prodl, prodh, cstack
 Tracked objects:
		On entry : 
		On exit  : 
		Unchanged: 
 Data sizes:     COMRAM   BANK0   BANK1   BANK2   BANK3   BANK4   BANK5
      Params:         0       6       0       0       0       0       0
      Locals:         0      11       0       0       0       0       0
      Temps:          0       4       0       0       0       0       0
      Totals:         0      21       0       0       0       0       0
Total ram usage:       21 bytes
 Hardware stack levels used:    1
 Hardware stack levels required when called:    4
 This function calls:
		Absolute function
		___lldiv
		___llmod
		___wmul
		_isdigit
		_putch
 This function is called by:
		_printf
 This function uses a non-reentrant model


 *************** function _putch *****************
 Defined at:
		line 160 in file "mcc_generated_files/eusart.c"
 Parameters:    Size  Location     Type
  txData          1    wreg     unsigned char 
 Auto vars:     Size  Location     Type
  txData          1    3[BANK0 ] unsigned char 
 Return value:  Size  Location     Type
                  1    wreg      void 
 Registers used:
		wreg, fsr2l, fsr2h, status,2, status,0, cstack
 Tracked objects:
		On entry : 
		On exit  : 
		Unchanged: 
 Data sizes:     COMRAM   BANK0   BANK1   BANK2   BANK3   BANK4   BANK5
      Params:         0       0       0       0       0       0       0
      Locals:         0       1       0       0       0       0       0
      Temps:          0       0       0       0       0       0       0
      Totals:         0       1       0       0       0       0       0
Total ram usage:        1 bytes
 Hardware stack levels used:    1
 Hardware stack levels required when called:    3
 This function calls:
		_EUSART_Write
 This function is called by:
		_printf
		__doprnt
 This function uses a non-reentrant model


 *************** function _EUSART_Write *****************
 Defined at:
		line 132 in file "mcc_generated_files/eusart.c"
 Parameters:    Size  Location     Type
  txData          1    wreg     unsigned char 
 Auto vars:     Size  Location     Type
  txData          1    2[BANK0 ] unsigned char 
 Return value:  Size  Location     Type
                  1    wreg      void 
 Registers used:
		wreg, fsr2l, fsr2h, status,2, status,0
 Tracked objects:
		On entry : 
		On exit  : 
		Unchanged: 
 Data sizes:     COMRAM   BANK0   BANK1   BANK2   BANK3   BANK4   BANK5
      Params:         0       0       0       0       0       0       0
      Locals:         0       1       0       0       0       0       0
      Temps:          0       0       0       0       0       0       0
      Totals:         0       1       0       0       0       0       0
Total ram usage:        1 bytes
 Hardware stack levels used:    1
 Hardware stack levels required when called:    2
 This function calls:
		Nothing
 This function is called by:
		_putch
		_eco
 This function uses a non-reentrant model


 *************** function _isdigit *****************
 Defined at:
		line 8 in file "D:\Programas_varios\Microchip\xc8\v2.05\pic\sources\c90\common\isdigit.c"
 Parameters:    Size  Location     Type
  c               1    wreg     unsigned char 
 Auto vars:     Size  Location     Type
  c               1    4[BANK0 ] unsigned char 
 Return value:  Size  Location     Type
		None               void
 Registers used:
		wreg, status,2, status,0
 Tracked objects:
		On entry : 
		On exit  : 
		Unchanged: 
 Data sizes:     COMRAM   BANK0   BANK1   BANK2   BANK3   BANK4   BANK5
      Params:         0       0       0       0       0       0       0
      Locals:         0       2       0       0       0       0       0
      Temps:          0       1       0       0       0       0       0
      Totals:         0       3       0       0       0       0       0
Total ram usage:        3 bytes
 Hardware stack levels used:    1
 Hardware stack levels required when called:    2
 This function calls:
		Nothing
 This function is called by:
		__doprnt
 This function uses a non-reentrant model


 *************** function ___wmul *****************
 Defined at:
		line 15 in file "D:\Programas_varios\Microchip\xc8\v2.05\pic\sources\c90\common\Umul16.c"
 Parameters:    Size  Location     Type
  multiplier      2    2[BANK0 ] unsigned int 
  multiplicand    2    4[BANK0 ] unsigned int 
 Auto vars:     Size  Location     Type
  product         2    6[BANK0 ] unsigned int 
 Return value:  Size  Location     Type
                  2    2[BANK0 ] unsigned int 
 Registers used:
		wreg, status,2, status,0, prodl, prodh
 Tracked objects:
		On entry : 
		On exit  : 
		Unchanged: 
 Data sizes:     COMRAM   BANK0   BANK1   BANK2   BANK3   BANK4   BANK5
      Params:         0       4       0       0       0       0       0
      Locals:         0       2       0       0       0       0       0
      Temps:          0       0       0       0       0       0       0
      Totals:         0       6       0       0       0       0       0
Total ram usage:        6 bytes
 Hardware stack levels used:    1
 Hardware stack levels required when called:    2
 This function calls:
		Nothing
 This function is called by:
		__doprnt
 This function uses a non-reentrant model


 *************** function ___llmod *****************
 Defined at:
		line 7 in file "D:\Programas_varios\Microchip\xc8\v2.05\pic\sources\c90\common\llmod.c"
 Parameters:    Size  Location     Type
  dividend        4   15[BANK0 ] unsigned long 
  divisor         4   19[BANK0 ] unsigned long 
 Auto vars:     Size  Location     Type
  counter         1   23[BANK0 ] unsigned char 
 Return value:  Size  Location     Type
                  4   15[BANK0 ] unsigned long 
 Registers used:
		wreg, status,2, status,0
 Tracked objects:
		On entry : 
		On exit  : 
		Unchanged: 
 Data sizes:     COMRAM   BANK0   BANK1   BANK2   BANK3   BANK4   BANK5
      Params:         0       8       0       0       0       0       0
      Locals:         0       1       0       0       0       0       0
      Temps:          0       0       0       0       0       0       0
      Totals:         0       9       0       0       0       0       0
Total ram usage:        9 bytes
 Hardware stack levels used:    1
 Hardware stack levels required when called:    2
 This function calls:
		Nothing
 This function is called by:
		__doprnt
 This function uses a non-reentrant model


 *************** function ___lldiv *****************
 Defined at:
		line 7 in file "D:\Programas_varios\Microchip\xc8\v2.05\pic\sources\c90\common\__lldiv.c"
 Parameters:    Size  Location     Type
  dividend        4    2[BANK0 ] unsigned long 
  divisor         4    6[BANK0 ] unsigned long 
 Auto vars:     Size  Location     Type
  quotient        4   10[BANK0 ] unsigned long 
  counter         1   14[BANK0 ] unsigned char 
 Return value:  Size  Location     Type
                  4    2[BANK0 ] unsigned long 
 Registers used:
		wreg, status,2, status,0
 Tracked objects:
		On entry : 
		On exit  : 
		Unchanged: 
 Data sizes:     COMRAM   BANK0   BANK1   BANK2   BANK3   BANK4   BANK5
      Params:         0       8       0       0       0       0       0
      Locals:         0       5       0       0       0       0       0
      Temps:          0       0       0       0       0       0       0
      Totals:         0      13       0       0       0       0       0
Total ram usage:       13 bytes
 Hardware stack levels used:    1
 Hardware stack levels required when called:    2
 This function calls:
		Nothing
 This function is called by:
		__doprnt
 This function uses a non-reentrant model


 *************** function _SYSTEM_Initialize *****************
 Defined at:
		line 107 in file "mcc_generated_files/mcc.c"
 Parameters:    Size  Location     Type
		None
 Auto vars:     Size  Location     Type
		None
 Return value:  Size  Location     Type
                  1    wreg      void 
 Registers used:
		wreg, status,2, cstack
 Tracked objects:
		On entry : 
		On exit  : 
		Unchanged: 
 Data sizes:     COMRAM   BANK0   BANK1   BANK2   BANK3   BANK4   BANK5
      Params:         0       0       0       0       0       0       0
      Locals:         0       0       0       0       0       0       0
      Temps:          0       0       0       0       0       0       0
      Totals:         0       0       0       0       0       0       0
Total ram usage:        0 bytes
 Hardware stack levels used:    1
 Hardware stack levels required when called:    4
 This function calls:
		_ADC_Initialize
		_EUSART_Initialize
		_INTERRUPT_Initialize
		_OSCILLATOR_Initialize
		_PIN_MANAGER_Initialize
		_TMR0_Initialize
 This function is called by:
		_main
 This function uses a non-reentrant model


 *************** function _TMR0_Initialize *****************
 Defined at:
		line 65 in file "mcc_generated_files/tmr0.c"
 Parameters:    Size  Location     Type
		None
 Auto vars:     Size  Location     Type
		None
 Return value:  Size  Location     Type
                  1    wreg      void 
 Registers used:
		wreg, status,2, cstack
 Tracked objects:
		On entry : 
		On exit  : 
		Unchanged: 
 Data sizes:     COMRAM   BANK0   BANK1   BANK2   BANK3   BANK4   BANK5
      Params:         0       0       0       0       0       0       0
      Locals:         0       0       0       0       0       0       0
      Temps:          0       0       0       0       0       0       0
      Totals:         0       0       0       0       0       0       0
Total ram usage:        0 bytes
 Hardware stack levels used:    1
 Hardware stack levels required when called:    3
 This function calls:
		_TMR0_StartTimer
 This function is called by:
		_SYSTEM_Initialize
 This function uses a non-reentrant model


 *************** function _TMR0_StartTimer *****************
 Defined at:
		line 89 in file "mcc_generated_files/tmr0.c"
 Parameters:    Size  Location     Type
		None
 Auto vars:     Size  Location     Type
		None
 Return value:  Size  Location     Type
                  1    wreg      void 
 Registers used:
		None
 Tracked objects:
		On entry : 
		On exit  : 
		Unchanged: 
 Data sizes:     COMRAM   BANK0   BANK1   BANK2   BANK3   BANK4   BANK5
      Params:         0       0       0       0       0       0       0
      Locals:         0       0       0       0       0       0       0
      Temps:          0       0       0       0       0       0       0
      Totals:         0       0       0       0       0       0       0
Total ram usage:        0 bytes
 Hardware stack levels used:    1
 Hardware stack levels required when called:    2
 This function calls:
		Nothing
 This function is called by:
		_TMR0_Initialize
 This function uses a non-reentrant model


 *************** function _PIN_MANAGER_Initialize *****************
 Defined at:
		line 52 in file "mcc_generated_files/pin_manager.c"
 Parameters:    Size  Location     Type
		None
 Auto vars:     Size  Location     Type
		None
 Return value:  Size  Location     Type
                  1    wreg      void 
 Registers used:
		wreg, status,2
 Tracked objects:
		On entry : 
		On exit  : 
		Unchanged: 
 Data sizes:     COMRAM   BANK0   BANK1   BANK2   BANK3   BANK4   BANK5
      Params:         0       0       0       0       0       0       0
      Locals:         0       0       0       0       0       0       0
      Temps:          0       0       0       0       0       0       0
      Totals:         0       0       0       0       0       0       0
Total ram usage:        0 bytes
 Hardware stack levels used:    1
 Hardware stack levels required when called:    2
 This function calls:
		Nothing
 This function is called by:
		_SYSTEM_Initialize
 This function uses a non-reentrant model


 *************** function _OSCILLATOR_Initialize *****************
 Defined at:
		line 118 in file "mcc_generated_files/mcc.c"
 Parameters:    Size  Location     Type
		None
 Auto vars:     Size  Location     Type
		None
 Return value:  Size  Location     Type
                  1    wreg      void 
 Registers used:
		wreg, status,2
 Tracked objects:
		On entry : 
		On exit  : 
		Unchanged: 
 Data sizes:     COMRAM   BANK0   BANK1   BANK2   BANK3   BANK4   BANK5
      Params:         0       0       0       0       0       0       0
      Locals:         0       0       0       0       0       0       0
      Temps:          0       0       0       0       0       0       0
      Totals:         0       0       0       0       0       0       0
Total ram usage:        0 bytes
 Hardware stack levels used:    1
 Hardware stack levels required when called:    2
 This function calls:
		Nothing
 This function is called by:
		_SYSTEM_Initialize
 This function uses a non-reentrant model


 *************** function _INTERRUPT_Initialize *****************
 Defined at:
		line 51 in file "mcc_generated_files/interrupt_manager.c"
 Parameters:    Size  Location     Type
		None
 Auto vars:     Size  Location     Type
		None
 Return value:  Size  Location     Type
                  1    wreg      void 
 Registers used:
		None
 Tracked objects:
		On entry : 
		On exit  : 
		Unchanged: 
 Data sizes:     COMRAM   BANK0   BANK1   BANK2   BANK3   BANK4   BANK5
      Params:         0       0       0       0       0       0       0
      Locals:         0       0       0       0       0       0       0
      Temps:          0       0       0       0       0       0       0
      Totals:         0       0       0       0       0       0       0
Total ram usage:        0 bytes
 Hardware stack levels used:    1
 Hardware stack levels required when called:    2
 This function calls:
		Nothing
 This function is called by:
		_SYSTEM_Initialize
 This function uses a non-reentrant model


 *************** function _EUSART_Initialize *****************
 Defined at:
		line 75 in file "mcc_generated_files/eusart.c"
 Parameters:    Size  Location     Type
		None
 Auto vars:     Size  Location     Type
		None
 Return value:  Size  Location     Type
                  1    wreg      void 
 Registers used:
		wreg, status,2
 Tracked objects:
		On entry : 
		On exit  : 
		Unchanged: 
 Data sizes:     COMRAM   BANK0   BANK1   BANK2   BANK3   BANK4   BANK5
      Params:         0       0       0       0       0       0       0
      Locals:         0       0       0       0       0       0       0
      Temps:          0       0       0       0       0       0       0
      Totals:         0       0       0       0       0       0       0
Total ram usage:        0 bytes
 Hardware stack levels used:    1
 Hardware stack levels required when called:    2
 This function calls:
		Nothing
 This function is called by:
		_SYSTEM_Initialize
 This function uses a non-reentrant model


 *************** function _ADC_Initialize *****************
 Defined at:
		line 58 in file "mcc_generated_files/adc.c"
 Parameters:    Size  Location     Type
		None
 Auto vars:     Size  Location     Type
		None
 Return value:  Size  Location     Type
                  1    wreg      void 
 Registers used:
		wreg, status,2
 Tracked objects:
		On entry : 
		On exit  : 
		Unchanged: 
 Data sizes:     COMRAM   BANK0   BANK1   BANK2   BANK3   BANK4   BANK5
      Params:         0       0       0       0       0       0       0
      Locals:         0       0       0       0       0       0       0
      Temps:          0       0       0       0       0       0       0
      Totals:         0       0       0       0       0       0       0
Total ram usage:        0 bytes
 Hardware stack levels used:    1
 Hardware stack levels required when called:    2
 This function calls:
		Nothing
 This function is called by:
		_SYSTEM_Initialize
 This function uses a non-reentrant model


 *************** function _LCD_inicio *****************
 Defined at:
		line 8 in file "Lib_mias_all/Librerias_microchip/LCD_inicio.c"
 Parameters:    Size  Location     Type
		None
 Auto vars:     Size  Location     Type
		None
 Return value:  Size  Location     Type
                  1    wreg      void 
 Registers used:
		wreg, status,2, status,0, cstack
 Tracked objects:
		On entry : 
		On exit  : 
		Unchanged: 
 Data sizes:     COMRAM   BANK0   BANK1   BANK2   BANK3   BANK4   BANK5
      Params:         0       0       0       0       0       0       0
      Locals:         0       0       0       0       0       0       0
      Temps:          0       0       0       0       0       0       0
      Totals:         0       0       0       0       0       0       0
Total ram usage:        0 bytes
 Hardware stack levels used:    1
 Hardware stack levels required when called:    5
 This function calls:
		_DelayXLCD
		_OpenXLCD
		_WriteCmdXLCD
 This function is called by:
		_main
 This function uses a non-reentrant model


 *************** function _OpenXLCD *****************
 Defined at:
		line 20 in file "Lib_mias_all/Librerias_microchip/openxlcd.c"
 Parameters:    Size  Location     Type
  lcdtype         1    wreg     unsigned char 
 Auto vars:     Size  Location     Type
  lcdtype         1    7[BANK0 ] unsigned char 
 Return value:  Size  Location     Type
                  1    wreg      void 
 Registers used:
		wreg, status,2, status,0, cstack
 Tracked objects:
		On entry : 
		On exit  : 
		Unchanged: 
 Data sizes:     COMRAM   BANK0   BANK1   BANK2   BANK3   BANK4   BANK5
      Params:         0       0       0       0       0       0       0
      Locals:         0       1       0       0       0       0       0
      Temps:          0       1       0       0       0       0       0
      Totals:         0       2       0       0       0       0       0
Total ram usage:        2 bytes
 Hardware stack levels used:    1
 Hardware stack levels required when called:    4
 This function calls:
		_BusyXLCD
		_SetDDRamAddr
		_WriteCmdXLCD
 This function is called by:
		_LCD_inicio
 This function uses a non-reentrant model


 *************** function _WriteCmdXLCD *****************
 Defined at:
		line 13 in file "Lib_mias_all/Librerias_microchip/wcmdxlcd.c"
 Parameters:    Size  Location     Type
  cmd             1    wreg     unsigned char 
 Auto vars:     Size  Location     Type
  cmd             1    3[BANK0 ] unsigned char 
 Return value:  Size  Location     Type
                  1    wreg      void 
 Registers used:
		wreg, status,2, status,0, cstack
 Tracked objects:
		On entry : 
		On exit  : 
		Unchanged: 
 Data sizes:     COMRAM   BANK0   BANK1   BANK2   BANK3   BANK4   BANK5
      Params:         0       0       0       0       0       0       0
      Locals:         0       1       0       0       0       0       0
      Temps:          0       0       0       0       0       0       0
      Totals:         0       1       0       0       0       0       0
Total ram usage:        1 bytes
 Hardware stack levels used:    1
 Hardware stack levels required when called:    3
 This function calls:
		_DelayFor18TCY
		_DelayPORXLCD
 This function is called by:
		_LCD_inicio
		_OpenXLCD
		_saludo
 This function uses a non-reentrant model


 *************** function _DelayPORXLCD *****************
 Defined at:
		line 69 in file "Lib_mias_all/Librerias_microchip/delay_xlcd.c"
 Parameters:    Size  Location     Type
		None
 Auto vars:     Size  Location     Type
		None
 Return value:  Size  Location     Type
                  1    wreg      void 
 Registers used:
		wreg
 Tracked objects:
		On entry : 
		On exit  : 
		Unchanged: 
 Data sizes:     COMRAM   BANK0   BANK1   BANK2   BANK3   BANK4   BANK5
      Params:         0       0       0       0       0       0       0
      Locals:         0       0       0       0       0       0       0
      Temps:          0       1       0       0       0       0       0
      Totals:         0       1       0       0       0       0       0
Total ram usage:        1 bytes
 Hardware stack levels used:    1
 Hardware stack levels required when called:    2
 This function calls:
		Nothing
 This function is called by:
		_WriteCmdXLCD
 This function uses a non-reentrant model


 *************** function _SetDDRamAddr *****************
 Defined at:
		line 13 in file "Lib_mias_all/Librerias_microchip/setddram.c"
 Parameters:    Size  Location     Type
  DDaddr          1    wreg     unsigned char 
 Auto vars:     Size  Location     Type
  DDaddr          1    5[BANK0 ] unsigned char 
 Return value:  Size  Location     Type
                  1    wreg      void 
 Registers used:
		wreg, status,2, status,0, cstack
 Tracked objects:
		On entry : 
		On exit  : 
		Unchanged: 
 Data sizes:     COMRAM   BANK0   BANK1   BANK2   BANK3   BANK4   BANK5
      Params:         0       0       0       0       0       0       0
      Locals:         0       1       0       0       0       0       0
      Temps:          0       3       0       0       0       0       0
      Totals:         0       4       0       0       0       0       0
Total ram usage:        4 bytes
 Hardware stack levels used:    1
 Hardware stack levels required when called:    3
 This function calls:
		_DelayFor18TCY
 This function is called by:
		_OpenXLCD
		_main
		_saludo
		_escribe_float
 This function uses a non-reentrant model


 *************** function _BusyXLCD *****************
 Defined at:
		line 11 in file "Lib_mias_all/Librerias_microchip/busyxlcd.c"
 Parameters:    Size  Location     Type
		None
 Auto vars:     Size  Location     Type
		None
 Return value:  Size  Location     Type
                  1    wreg      unsigned char 
 Registers used:
		wreg, cstack
 Tracked objects:
		On entry : 
		On exit  : 
		Unchanged: 
 Data sizes:     COMRAM   BANK0   BANK1   BANK2   BANK3   BANK4   BANK5
      Params:         0       0       0       0       0       0       0
      Locals:         0       0       0       0       0       0       0
      Temps:          0       0       0       0       0       0       0
      Totals:         0       0       0       0       0       0       0
Total ram usage:        0 bytes
 Hardware stack levels used:    1
 Hardware stack levels required when called:    3
 This function calls:
		_DelayFor18TCY
 This function is called by:
		_OpenXLCD
		_putrsXLCD
		_saludo
		_putsXLCD
		_eco
		_escribe_float
 This function uses a non-reentrant model


 *************** function _DelayFor18TCY *****************
 Defined at:
		line 62 in file "Lib_mias_all/Librerias_microchip/delay_xlcd.c"
 Parameters:    Size  Location     Type
		None
 Auto vars:     Size  Location     Type
		None
 Return value:  Size  Location     Type
                  1    wreg      void 
 Registers used:
		None
 Tracked objects:
		On entry : 
		On exit  : 
		Unchanged: 
 Data sizes:     COMRAM   BANK0   BANK1   BANK2   BANK3   BANK4   BANK5
      Params:         0       0       0       0       0       0       0
      Locals:         0       0       0       0       0       0       0
      Temps:          0       0       0       0       0       0       0
      Totals:         0       0       0       0       0       0       0
Total ram usage:        0 bytes
 Hardware stack levels used:    1
 Hardware stack levels required when called:    2
 This function calls:
		Nothing
 This function is called by:
		_BusyXLCD
		_SetDDRamAddr
		_WriteCmdXLCD
		_WriteDataXLCD
		_ReadAddrXLCD
		_ReadDataXLCD
		_SetCGRamAddr
 This function uses a non-reentrant model


 *************** function _DelayXLCD *****************
 Defined at:
		line 75 in file "Lib_mias_all/Librerias_microchip/delay_xlcd.c"
 Parameters:    Size  Location     Type
		None
 Auto vars:     Size  Location     Type
		None
 Return value:  Size  Location     Type
                  1    wreg      void 
 Registers used:
		wreg
 Tracked objects:
		On entry : 
		On exit  : 
		Unchanged: 
 Data sizes:     COMRAM   BANK0   BANK1   BANK2   BANK3   BANK4   BANK5
      Params:         0       0       0       0       0       0       0
      Locals:         0       0       0       0       0       0       0
      Temps:          0       1       0       0       0       0       0
      Totals:         0       1       0       0       0       0       0
Total ram usage:        1 bytes
 Hardware stack levels used:    1
 Hardware stack levels required when called:    2
 This function calls:
		Nothing
 This function is called by:
		_LCD_inicio
 This function uses a non-reentrant model


 *************** function _EUSART_Read *****************
 Defined at:
		line 112 in file "mcc_generated_files/eusart.c"
 Parameters:    Size  Location     Type
		None
 Auto vars:     Size  Location     Type
  readValue       1    2[BANK0 ] unsigned char 
 Return value:  Size  Location     Type
                  1    wreg      unsigned char 
 Registers used:
		wreg, fsr2l, fsr2h, status,2, status,0
 Tracked objects:
		On entry : 
		On exit  : 
		Unchanged: 
 Data sizes:     COMRAM   BANK0   BANK1   BANK2   BANK3   BANK4   BANK5
      Params:         0       0       0       0       0       0       0
      Locals:         0       1       0       0       0       0       0
      Temps:          0       0       0       0       0       0       0
      Totals:         0       1       0       0       0       0       0
Total ram usage:        1 bytes
 Hardware stack levels used:    1
 Hardware stack levels required when called:    2
 This function calls:
		Nothing
 This function is called by:
		_main
		_getch
		_eco
 This function uses a non-reentrant model


 *************** function _ADC_GetConversion *****************
 Defined at:
		line 106 in file "mcc_generated_files/adc.c"
 Parameters:    Size  Location     Type
  channel         1    wreg     enum E2300
 Auto vars:     Size  Location     Type
  channel         1    6[BANK0 ] enum E2300
 Return value:  Size  Location     Type
                  2    2[BANK0 ] unsigned int 
 Registers used:
		wreg, status,2, status,0
 Tracked objects:
		On entry : 
		On exit  : 
		Unchanged: 
 Data sizes:     COMRAM   BANK0   BANK1   BANK2   BANK3   BANK4   BANK5
      Params:         0       2       0       0       0       0       0
      Locals:         0       1       0       0       0       0       0
      Temps:          0       2       0       0       0       0       0
      Totals:         0       5       0       0       0       0       0
Total ram usage:        5 bytes
 Hardware stack levels used:    1
 Hardware stack levels required when called:    2
 This function calls:
		Nothing
 This function is called by:
		_main
 This function uses a non-reentrant model


 *************** function _INTERRUPT_InterruptManager *****************
 Defined at:
		line 57 in file "mcc_generated_files/interrupt_manager.c"
 Parameters:    Size  Location     Type
		None
 Auto vars:     Size  Location     Type
		None
 Return value:  Size  Location     Type
                  1    wreg      void 
 Registers used:
		wreg, fsr2l, fsr2h, status,2, status,0, cstack
 Tracked objects:
		On entry : 
		On exit  : 
		Unchanged: 
 Data sizes:     COMRAM   BANK0   BANK1   BANK2   BANK3   BANK4   BANK5
      Params:         0       0       0       0       0       0       0
      Locals:         0       0       0       0       0       0       0
      Temps:          0       2       0       0       0       0       0
      Totals:         0       2       0       0       0       0       0
Total ram usage:        2 bytes
 Hardware stack levels used:    1
 Hardware stack levels required when called:    1
 This function calls:
		_EUSART_Receive_ISR
		_EUSART_Transmit_ISR
 This function is called by:
		Interrupt level 2
 This function uses a non-reentrant model


 *************** function _EUSART_Transmit_ISR *****************
 Defined at:
		line 165 in file "mcc_generated_files/eusart.c"
 Parameters:    Size  Location     Type
		None
 Auto vars:     Size  Location     Type
		None
 Return value:  Size  Location     Type
                  1    wreg      void 
 Registers used:
		wreg, fsr2l, fsr2h, status,2, status,0
 Tracked objects:
		On entry : 
		On exit  : 
		Unchanged: 
 Data sizes:     COMRAM   BANK0   BANK1   BANK2   BANK3   BANK4   BANK5
      Params:         0       0       0       0       0       0       0
      Locals:         0       0       0       0       0       0       0
      Temps:          0       0       0       0       0       0       0
      Totals:         0       0       0       0       0       0       0
Total ram usage:        0 bytes
 Hardware stack levels used:    1
 This function calls:
		Nothing
 This function is called by:
		_INTERRUPT_InterruptManager
 This function uses a non-reentrant model


 *************** function _EUSART_Receive_ISR *****************
 Defined at:
		line 184 in file "mcc_generated_files/eusart.c"
 Parameters:    Size  Location     Type
		None
 Auto vars:     Size  Location     Type
		None
 Return value:  Size  Location     Type
                  1    wreg      void 
 Registers used:
		wreg, fsr2l, fsr2h, status,2, status,0
 Tracked objects:
		On entry : 
		On exit  : 
		Unchanged: 
 Data sizes:     COMRAM   BANK0   BANK1   BANK2   BANK3   BANK4   BANK5
      Params:         0       0       0       0       0       0       0
      Locals:         0       0       0       0       0       0       0
      Temps:          0       0       0       0       0       0       0
      Totals:         0       0       0       0       0       0       0
Total ram usage:        0 bytes
 Hardware stack levels used:    1
 This function calls:
		Nothing
 This function is called by:
		_INTERRUPT_InterruptManager
 This function uses a non-reentrant model



MODULE INFORMATION

Module		Function		Class		Link	Load	Size
D:\Programas_varios\Microchip\xc8\v2.05\pic\sources\c90\common\Umul16.c
		___wmul        		CODE           	129C	0000	41

D:\Programas_varios\Microchip\xc8\v2.05\pic\sources\c90\common\Umul16.c estimated size: 41

D:\Programas_varios\Microchip\xc8\v2.05\pic\sources\c90\common\__lldiv.c
		___lldiv       		CODE           	0E18	0000	133

D:\Programas_varios\Microchip\xc8\v2.05\pic\sources\c90\common\__lldiv.c estimated size: 133

Lib_mias_all/Librerias_microchip/openxlcd.c
		_OpenXLCD      		CODE           	0C96	0000	225

Lib_mias_all/Librerias_microchip/openxlcd.c estimated size: 225

Lib_mias_all/micelaneos.c
		_saludo        		CODE           	0D76	0000	163

Lib_mias_all/micelaneos.c estimated size: 163

Lib_mias_all/Librerias_microchip/wcmdxlcd.c
		_WriteCmdXLCD  		CODE           	1024	0000	81

Lib_mias_all/Librerias_microchip/wcmdxlcd.c estimated size: 81

Lib_mias_all/Librerias_microchip/busyxlcd.c
		_BusyXLCD      		CODE           	11FA	0000	59

Lib_mias_all/Librerias_microchip/busyxlcd.c estimated size: 59

D:\Programas_varios\Microchip\xc8\v2.05\pic\sources\c90\common\isdigit.c
		_isdigit       		CODE           	12EA	0000	35

D:\Programas_varios\Microchip\xc8\v2.05\pic\sources\c90\common\isdigit.c estimated size: 35

D:\Programas_varios\Microchip\xc8\v2.05\pic\sources\c90\common\printf.c
		_printf        		CODE           	113E	0000	65

D:\Programas_varios\Microchip\xc8\v2.05\pic\sources\c90\common\printf.c estimated size: 65

Lib_mias_all/Librerias_microchip/LCD_inicio.c
		_LCD_inicio    		CODE           	1340	0000	25

Lib_mias_all/Librerias_microchip/LCD_inicio.c estimated size: 25

mcc_generated_files/interrupt_manager.c
		_INTERRUPT_Initialize		CODE           	13D4	0000	5
		_INTERRUPT_InterruptManager		CODE           	0008	0000	47

mcc_generated_files/interrupt_manager.c estimated size: 52

mcc_generated_files/tmr0.c
		_TMR0_StartTimer		CODE           	13D0	0000	5
		_TMR0_Initialize		CODE           	1326	0000	27

mcc_generated_files/tmr0.c estimated size: 32

D:\Programas_varios\Microchip\xc8\v2.05\pic\sources\c90\common\llmod.c
		___llmod       		CODE           	0E9C	0000	105

D:\Programas_varios\Microchip\xc8\v2.05\pic\sources\c90\common\llmod.c estimated size: 105

mcc_generated_files/pin_manager.c
		_PIN_MANAGER_Initialize		CODE           	12C4	0000	39

mcc_generated_files/pin_manager.c estimated size: 39

mcc_generated_files/adc.c
		_ADC_Initialize		CODE           	136E	0000	23
		_ADC_GetConversion		CODE           	11BE	0000	61

mcc_generated_files/adc.c estimated size: 84

Lib_mias_all/Librerias_microchip/delay_xlcd.c
		_DelayFor18TCY 		CODE           	13BA	0000	13
		_DelayXLCD     		CODE           	139A	0000	19
		_DelayPORXLCD  		CODE           	1384	0000	23

Lib_mias_all/Librerias_microchip/delay_xlcd.c estimated size: 55

shared
		_dpowers       		SMALLCONST     	0601	0000	41
		__initialization		CODE           	1358	0000	13
		_hexpowers     		SMALLCONST     	0629	0000	33

shared estimated size: 87

D:\Programas_varios\Microchip\xc8\v2.05\pic\sources\c90\common\doprnt.c
		__doprnt       		CODE           	0688	0000	1551

D:\Programas_varios\Microchip\xc8\v2.05\pic\sources\c90\common\doprnt.c estimated size: 1551

mcc_generated_files/mcc.c
		_OSCILLATOR_Initialize		CODE           	13C6	0000	11
		_SYSTEM_Initialize		CODE           	130C	0000	27

mcc_generated_files/mcc.c estimated size: 38

Lib_mias_all/Librerias_microchip/writdata.c
		_WriteDataXLCD 		CODE           	1074	0000	69

Lib_mias_all/Librerias_microchip/writdata.c estimated size: 69

Lib_mias_all/Librerias_microchip/setddram.c
		_SetDDRamAddr  		CODE           	0F6A	0000	97

Lib_mias_all/Librerias_microchip/setddram.c estimated size: 97

mcc_generated_files/eusart.c
		_putch         		CODE           	13AC	0000	15
		_EUSART_Read   		CODE           	10FC	0000	67
		_EUSART_Write  		CODE           	10B8	0000	69
		_EUSART_Transmit_ISR		CODE           	1234	0000	55
		_EUSART_Initialize		CODE           	117E	0000	65
		_EUSART_Receive_ISR		CODE           	126A	0000	51

mcc_generated_files/eusart.c estimated size: 322

main.c
		_main          		CODE           	0FCA	0000	91

main.c estimated size: 91

Lib_mias_all/Librerias_microchip/putrxlcd.c
		_putrsXLCD     		CODE           	0F04	0000	103

Lib_mias_all/Librerias_microchip/putrxlcd.c estimated size: 103

